Scanning project...
Using 13 exclusion patterns.
{
  "fileCount": 3,
  "files": [
    "paircoder.config.json",
    "package.json",
    "src/index.js"
  ],
  "exclusions": [
    "**/node_modules/**",
    "**/.git/**",
    "**/dist/**",
    "**/build/**",
    "**/.DS_Store/**",
    "*.log",
    ".env*",
    "*.min.js",
    "*.min.css",
    "*.map",
    "*.lock",
    "**/package-lock.json/**",
    "**/yarn.lock/**"
  ]
}
