[34mCurrent PairCoder Configuration:[39m
{
  "project": {
    "name": "",
    "root": "",
    "excludes": [
      "node_modules",
      "dist",
      ".git",
      "build"
    ]
  },
  "modules": [],
  "context": {
    "defaultLevel": "medium",
    "tokenBudget": 4000
  },
  "versioning": {
    "enabled": true,
    "gitIntegration": false
  }
}
